###############################################################################
#			安徽农信主机接口上行包定义文件，下行包根据情况自动拆分
###############################################################################
#	报文接口定义格式为：
#		序号		数据类型		目标长度		模块名	变量名	'默认值'		中文描述
# 	其中数据类型包括以下几种：
#		'1' － 表示一个结构开始
#		'2' － 表示一个数组开始
#		'3' － 字节类型，字节
#		'4' － 短整形数据，网络序字节
#		'5' － 4位整形，网络序整形
#		'6' － 小数，字符串方式,Decimal
#		'7' － 短字符串，字符串方式
#		'8' － 短字节流，字节流方式
#		'9' － 日期，字符串方式，以YYYYMMDD的方式
#		'10' － 时间，字符串方式，以HHMMSS的方式
#		'11' － 长字符串，字符串方式
#		'12' － 长字节流，字节流方式
#	上述'1'和'2'两种类型无需显式生成，实际只需使用其它的数据类型，只有for循环中自动使用
###############################################################################
#资金归集主机记帐
###############################################################################
001      7       4       HostContext      I1TRCD      '8843'           交易码
002      7      10       HostContext      I1SBNO      ''               机构代号
003      7       6       HostContext      I1USID      '999999'         交易柜员
004      7       6       HostContext      I1AUUS      ''               授权柜员
005      7       6       HostContext      I1AUPS      ''               授权密码
006      7      40       HostContext      I1WSNO      ''               终端号
007      7       5       HostContext      I1TRDT      ''               交易日期
008      7      10       HostContext      I1FINA      ''               文件名
009      7      10       HostContext      I1LIBL      ''               库名
010      7      10       HostContext      I1PGNM      'KA8843TR1'      程序名
011      7       5       HostContext      I1COUT      ''               笔数
012      7       8       HostContext      I1TOAM      ''               总金额
