###############################################################################
#			凭证管理主机接口上行包定义文件，下行包根据情况自动拆分
###############################################################################
#	报文接口定义格式为：
#		序号		数据类型		目标长度		模块名	变量名	'默认值'		中文描述
# 	其中数据类型包括以下几种：
#		'1' － 表示一个结构开始
#		'2' － 表示一个数组开始
#		'3' － 字节类型，字节
#		'4' － 短整形数据，网络序字节
#		'5' － 4位整形，网络序整形
#		'6' － 小数，字符串方式,Decimal
#		'7' － 短字符串，字符串方式
#	上述'1'和'2'两种类型无需显式生成，实际只需使用其它的数据类型，只有for循环中自动使用
###############################################################################
#凭证对帐
###############################################################################
001	7	4	HostContext		I1TRCD		'8828'			主机交易码
002	7	10	HostContext		I1SBNO	    ''	    		该交易的发起机构
003	7	6	HostContext		I1USID	    ''	    		交易柜员号
004	7	10	HostContext		I1AUUS	    ''	    		授权柜员
005	7	6	HostContext		I1AUPS	    ''	    		授权柜员密码
006	7	40	HostContext		I1WSNO	    ''	    		终端号
007 7   8   HostContext     I1COUT      ''              总笔数
008	7	10	HostContext		I1FINA 	    ''	    		文件名	
